=========================================================================================================
Auto created by Tang Dynasty v5.6.71036
   Copyright (c) 2012-2023 Anlogic Inc.
Tue Jun 18 16:33:27 2024
=========================================================================================================


Top Model:                sgdma_subsys_exam                                               
Device:                   ph1_400                                                         
Timing Constraint File:   ../../constraints/case_ep.sdc                                   
STA Level:                Ideal                                                           
Speed Grade:              2                                                               

	Exceptions:
		Check Type:	MAX
		----------------------------------------------------------------------------------------------------
		       Path Num     Constraint                                                                      
		              0     set_false_path -from [ get_clocks {aux_clk} ] -to [ get_clocks {pll_out_clk} ]  
		              0     set_false_path -from [ get_clocks {pll_out_clk} ] -to [ get_clocks {aux_clk} ]  

		Check Type:	MIN
		----------------------------------------------------------------------------------------------------
		       Path Num     Constraint                                                                      
		              0     set_false_path -from [ get_clocks {aux_clk} ] -to [ get_clocks {pll_out_clk} ]  
		              0     set_false_path -from [ get_clocks {pll_out_clk} ] -to [ get_clocks {aux_clk} ]  

---------------------------------------------------------------------------------------------------------

---------------------------------------------------------------------------------------------------------
